// Jest Snapshot v1, https://goo.gl/fbAQLP

exports[`Test for Home page component Should renders the same component 1`] = `
<div>
  <section
    class="Home"
    data-testid="Home"
  >
    <div
      class="SearchResults"
    >
      <h1
        class="SearchResults__title"
      >
        Hotels in:
         
         
      </h1>
      <p
        class="SearchResults__date"
      >
        Check in:
         
      </p>
      <p
        class="SearchResults__date"
      >
        Check out:
         
      </p>
      <p />
    </div>
    <section
      class="HotelList"
    />
  </section>
</div>
`;
